// Jest Snapshot v1, https://goo.gl/fbAQLP

exports[`App Component renders correctly 1`] = `
<DocumentFragment>
  <div
    class="homepage"
  >
    <div
      class="Header"
    >
      <h1>
        Rick and Morty
      </h1>
    </div>
    <div>
      <div
        class="Filter"
      >
        <form
          class="form-filter"
        >
          <div
            class="search-container"
          >
            <input
              placeholder="Character Name"
              type="text"
              value=""
            />
          </div>
          <div
            class="dropdowns"
          >
            <div
              class="Dropdown"
            >
              <div
                class="dropdown-btn"
                tabindex="1"
              >
                gender
                <img
                  height="15"
                  src="https://img.icons8.com/ios-glyphs/30/000000/sort-down.png"
                  width="15"
                />
              </div>
              <div
                class="dropdown-content"
              >
                <div
                  class="dropdown-item"
                >
                  All
                </div>
                <div
                  class="dropdown-item"
                >
                  Male
                </div>
                <div
                  class="dropdown-item"
                >
                  Female
                </div>
                <div
                  class="dropdown-item"
                >
                  Unknown
                </div>
              </div>
            </div>
            <div
              class="Dropdown"
            >
              <div
                class="dropdown-btn"
                tabindex="1"
              >
                species
                <img
                  height="15"
                  src="https://img.icons8.com/ios-glyphs/30/000000/sort-down.png"
                  width="15"
                />
              </div>
              <div
                class="dropdown-content"
              >
                <div
                  class="dropdown-item"
                >
                  All
                </div>
                <div
                  class="dropdown-item"
                >
                  Human
                </div>
                <div
                  class="dropdown-item"
                >
                  Alien
                </div>
                <div
                  class="dropdown-item"
                >
                  Unknown
                </div>
              </div>
            </div>
            <div
              class="Dropdown"
            >
              <div
                class="dropdown-btn"
                tabindex="1"
              >
                aliveness
                <img
                  height="15"
                  src="https://img.icons8.com/ios-glyphs/30/000000/sort-down.png"
                  width="15"
                />
              </div>
              <div
                class="dropdown-content"
              >
                <div
                  class="dropdown-item"
                >
                  All
                </div>
                <div
                  class="dropdown-item"
                >
                  Alive
                </div>
                <div
                  class="dropdown-item"
                >
                  Dead
                </div>
                <div
                  class="dropdown-item"
                >
                  Unknown
                </div>
              </div>
            </div>
          </div>
        </form>
      </div>
      <div
        class="CharacterList"
      >
        Loading...
      </div>
    </div>
  </div>
</DocumentFragment>
`;
